
// ==========================================================================
//  GPPG error listing for yacc source file <SimpleYacc.y>
// ==========================================================================
//  Version:  1.3.6
//  Machine:  DESKTOP-0VS8TB2
//  DateTime: 21.12.2018 12:38:01
//  UserName: Admin
// ==========================================================================


%{
// Ýòè îáúÿâëåíèÿ äîáàâëÿþòñÿ â êëàññ GPPGParser, ïðåäñòàâëÿþùèé ñîáîé ïàðñåð, ãåíåðèðóåìûé ñèñòåìîé gppg
    public Parser(AbstractScanner<int, LexLocation> scanner) : base(scanner) { }
%}

%output = SimpleYacc.cs

%namespace SimpleParser

%token BEGIN END CYCLE INUM RNUM ID ASSIGN SEMICOLON WHILE DO REPEAT UNTIL FOR TO IF THEN ELSE VAR COMMA WRITE LEFT_BRACKET 
        RIGHT_BRACKET PLUS MINUS MULT DIVISION FUNCTION RETURN

%%
// Warning: NonTerminal symbol "pms" is unreachable
// ------------------------------------------------

progr   : block
		;

stlist	: statement 
		| stlist SEMICOLON statement 
		;

statement: assign
		| block  
		| cycle  
		| while
		| repeat
		| for
		| write
		| if
		| idents
		| empty
		| function
		| funccall
		;

ident 	: ID 
		;
	
assign 	: ident ASSIGN expr 
		;

expr	: ident  
		| INUM
		| funccall
		;

block	: BEGIN stlist END 
		;

cycle	: CYCLE expr statement 
		;
				
while   : WHILE expr DO statement
        ;
       
repeat  : REPEAT stlist UNTIL expr 
		;

for     : FOR assign TO expr DO statement
		;

write   : WRITE LEFT_BRACKET expr RIGHT_BRACKET
		;

if      : IF expr THEN statement
		| IF expr THEN statement ELSE statement
		;

idents  : VAR ident 
		| idents COMMA ident 
		;

//params of a function
pms  : ident
        | params COMMA ident
        ;

params : empty
        | params;
        
//return expression of a function
returnexrp : RETURN expr SEMICOLON        
       ;
       
empty   :
        ;        	

funcblock  : BEGIN stlist returnexrp END
           ;

funccall : ident LEFT_BRACKET empty RIGHT_BRACKET
         | ident LEFT_BRACKET params RIGHT_BRACKET
         ;
        	
//for individual task
function : FUNCTION ident LEFT_BRACKET params RIGHT_BRACKET funcblock
         ;

expr    : T
        | expr PLUS T
        | expr MINUS T
        ;

T       : F
        | T MULT F
        | T DIVISION F
        ;

F       : ident
        | INUM 
        | LEFT_BRACKET expr RIGHT_BRACKET
        ;		
	        
%%
// ==========================================================================

